2026-08-02 12:01:27,716 INFO o.a.j.u.JMeterUtils: Setting Locale to en_EN
2026-08-02 12:01:27,785 INFO o.a.j.JMeter: Loading user properties from: C:\apache-jmeter-5.6.3\bin\user.properties
2026-08-02 12:01:27,817 INFO o.a.j.JMeter: Loading system properties from: C:\apache-jmeter-5.6.3\bin\system.properties
2026-08-02 12:01:27,828 INFO o.a.j.JMeter: Copyright (c) 1998-2024 The Apache Software Foundation
2026-08-02 12:01:27,828 INFO o.a.j.JMeter: Version 5.6.3
2026-08-02 12:01:27,828 INFO o.a.j.JMeter: java.version=25.0.1
2026-08-02 12:01:27,828 INFO o.a.j.JMeter: java.vm.name=Java HotSpot(TM) 64-Bit Server VM
2026-08-02 12:01:27,828 INFO o.a.j.JMeter: os.name=Windows 11
2026-08-02 12:01:27,828 INFO o.a.j.JMeter: os.arch=amd64
2026-08-02 12:01:27,828 INFO o.a.j.JMeter: os.version=10.0
2026-08-02 12:01:27,828 INFO o.a.j.JMeter: file.encoding=UTF-8
2026-08-02 12:01:27,828 INFO o.a.j.JMeter: java.awt.headless=null
2026-08-02 12:01:27,829 INFO o.a.j.JMeter: Max memory     =1073741824
2026-08-02 12:01:27,829 INFO o.a.j.JMeter: Available Processors =12
2026-08-02 12:01:27,847 INFO o.a.j.JMeter: Default Locale=English (EN)
2026-08-02 12:01:27,848 INFO o.a.j.JMeter: JMeter  Locale=English (EN)
2026-08-02 12:01:27,848 INFO o.a.j.JMeter: JMeterHome=C:\apache-jmeter-5.6.3
2026-08-02 12:01:27,848 INFO o.a.j.JMeter: user.dir  =C:\Study\Internship\Infotact\Info_Projects\infotact-internship-26_1\Finance_and_Banking-Core_Payment_Ledger_and_Wallet_System
2026-08-02 12:01:27,848 INFO o.a.j.JMeter: PWD       =C:\Study\Internship\Infotact\Info_Projects\infotact-internship-26_1\Finance_and_Banking-Core_Payment_Ledger_and_Wallet_System
2026-08-02 12:01:32,812 INFO o.a.j.JMeter: IP: 192.168.56.1 Name: MeetPrajapati FullName: MeetPrajapati
