2026-08-02 12:03:46,319 INFO o.a.j.u.JMeterUtils: Setting Locale to en_EN
2026-08-02 12:03:46,331 INFO o.a.j.JMeter: Loading user properties from: C:\apache-jmeter-5.6.3\bin\user.properties
2026-08-02 12:03:46,332 INFO o.a.j.JMeter: Loading system properties from: C:\apache-jmeter-5.6.3\bin\system.properties
2026-08-02 12:03:46,332 INFO o.a.j.JMeter: Loading additional properties from: config.properties
2026-08-02 12:03:46,337 INFO o.a.j.JMeter: Copyright (c) 1998-2024 The Apache Software Foundation
2026-08-02 12:03:46,338 INFO o.a.j.JMeter: Version 5.6.3
2026-08-02 12:03:46,338 INFO o.a.j.JMeter: java.version=25.0.1
2026-08-02 12:03:46,338 INFO o.a.j.JMeter: java.vm.name=Java HotSpot(TM) 64-Bit Server VM
2026-08-02 12:03:46,338 INFO o.a.j.JMeter: os.name=Windows 11
2026-08-02 12:03:46,338 INFO o.a.j.JMeter: os.arch=amd64
2026-08-02 12:03:46,338 INFO o.a.j.JMeter: os.version=10.0
2026-08-02 12:03:46,338 INFO o.a.j.JMeter: file.encoding=UTF-8
2026-08-02 12:03:46,338 INFO o.a.j.JMeter: java.awt.headless=true
2026-08-02 12:03:46,338 INFO o.a.j.JMeter: Max memory     =1073741824
2026-08-02 12:03:46,338 INFO o.a.j.JMeter: Available Processors =12
2026-08-02 12:03:46,349 INFO o.a.j.JMeter: Default Locale=English (EN)
2026-08-02 12:03:46,350 INFO o.a.j.JMeter: JMeter  Locale=English (EN)
2026-08-02 12:03:46,350 INFO o.a.j.JMeter: JMeterHome=C:\apache-jmeter-5.6.3
2026-08-02 12:03:46,350 INFO o.a.j.JMeter: user.dir  =C:\Study\Internship\Infotact\Info_Projects\infotact-internship-26_1\Finance_and_Banking-Core_Payment_Ledger_and_Wallet_System\jmeter
2026-08-02 12:03:46,350 INFO o.a.j.JMeter: PWD       =C:\Study\Internship\Infotact\Info_Projects\infotact-internship-26_1\Finance_and_Banking-Core_Payment_Ledger_and_Wallet_System\jmeter
2026-08-02 12:03:51,305 INFO o.a.j.JMeter: IP: 192.168.56.1 Name: MeetPrajapati FullName: MeetPrajapati
2026-08-02 12:03:51,325 INFO o.a.j.s.FileServer: Default base='C:\Study\Internship\Infotact\Info_Projects\infotact-internship-26_1\Finance_and_Banking-Core_Payment_Ledger_and_Wallet_System\jmeter'
2026-08-02 12:03:51,325 INFO o.a.j.s.FileServer: Set new base='C:\Study\Internship\Infotact\Info_Projects\infotact-internship-26_1\Finance_and_Banking-Core_Payment_Ledger_and_Wallet_System\jmeter'
2026-08-02 12:03:51,562 INFO o.a.j.s.SaveService: Testplan (JMX) version: 2.2. Testlog (JTL) version: 2.2
2026-08-02 12:03:51,630 INFO o.a.j.s.SaveService: Using SaveService properties version 5.0
2026-08-02 12:03:51,632 INFO o.a.j.s.SaveService: Using SaveService properties file encoding UTF-8
2026-08-02 12:03:51,635 INFO o.a.j.s.SaveService: Loading file: transfer_load_test.jmx
2026-08-02 12:03:51,711 INFO o.a.j.p.h.s.HTTPSamplerBase: Parser for text/html is org.apache.jmeter.protocol.http.parser.LagartoBasedHtmlParser
2026-08-02 12:03:51,711 INFO o.a.j.p.h.s.HTTPSamplerBase: Parser for application/xhtml+xml is org.apache.jmeter.protocol.http.parser.LagartoBasedHtmlParser
2026-08-02 12:03:51,711 INFO o.a.j.p.h.s.HTTPSamplerBase: Parser for application/xml is org.apache.jmeter.protocol.http.parser.LagartoBasedHtmlParser
2026-08-02 12:03:51,711 INFO o.a.j.p.h.s.HTTPSamplerBase: Parser for text/xml is org.apache.jmeter.protocol.http.parser.LagartoBasedHtmlParser
2026-08-02 12:03:51,711 INFO o.a.j.p.h.s.HTTPSamplerBase: Parser for text/vnd.wap.wml is org.apache.jmeter.protocol.http.parser.RegexpHTMLParser
2026-08-02 12:03:51,711 INFO o.a.j.p.h.s.HTTPSamplerBase: Parser for text/css is org.apache.jmeter.protocol.http.parser.CssParser
2026-08-02 12:03:51,741 INFO o.a.j.JMeter: Creating summariser <summary>
2026-08-02 12:03:51,754 INFO o.a.j.e.StandardJMeterEngine: Running the test!
2026-08-02 12:03:51,755 INFO o.a.j.s.SampleEvent: List of sample_variables: []
2026-08-02 12:03:51,755 INFO o.a.j.s.SampleEvent: List of sample_variables: []
2026-08-02 12:03:51,760 INFO o.a.j.e.u.CompoundVariable: Note: Function class names must contain the string: '.functions.'
2026-08-02 12:03:51,761 INFO o.a.j.e.u.CompoundVariable: Note: Function class names must not contain the string: '.gui.'
2026-08-02 12:03:51,834 INFO o.a.j.JMeter: Running test (1785652431834)
2026-08-02 12:03:51,849 INFO o.a.j.e.StandardJMeterEngine: Starting ThreadGroup: 1 : 100 Concurrent Transfers
2026-08-02 12:03:51,849 INFO o.a.j.e.StandardJMeterEngine: Starting 100 threads for group 100 Concurrent Transfers.
2026-08-02 12:03:51,849 INFO o.a.j.e.StandardJMeterEngine: Thread will continue on error
2026-08-02 12:03:51,849 INFO o.a.j.t.ThreadGroup: Starting thread group... number=1 threads=100 ramp-up=0 delayedStart=false
2026-08-02 12:03:51,855 INFO o.a.j.t.JMeterThread: Thread started: 100 Concurrent Transfers 1-6
2026-08-02 12:03:51,855 INFO o.a.j.t.JMeterThread: Thread started: 100 Concurrent Transfers 1-2
2026-08-02 12:03:51,855 INFO o.a.j.t.JMeterThread: Thread started: 100 Concurrent Transfers 1-3
2026-08-02 12:03:51,855 INFO o.a.j.t.JMeterThread: Thread started: 100 Concurrent Transfers 1-1
2026-08-02 12:03:51,856 INFO o.a.j.t.JMeterThread: Thread started: 100 Concurrent Transfers 1-7
2026-08-02 12:03:51,856 INFO o.a.j.t.JMeterThread: Thread started: 100 Concurrent Transfers 1-4
2026-08-02 12:03:51,856 INFO o.a.j.t.JMeterThread: Thread started: 100 Concurrent Transfers 1-5
2026-08-02 12:03:51,856 INFO o.a.j.t.JMeterThread: Thread started: 100 Concurrent Transfers 1-9
2026-08-02 12:03:51,856 INFO o.a.j.t.JMeterThread: Thread started: 100 Concurrent Transfers 1-8
2026-08-02 12:03:51,856 INFO o.a.j.t.JMeterThread: Thread started: 100 Concurrent Transfers 1-10
2026-08-02 12:03:51,856 INFO o.a.j.t.JMeterThread: Thread started: 100 Concurrent Transfers 1-11
2026-08-02 12:03:51,858 INFO o.a.j.t.JMeterThread: Thread started: 100 Concurrent Transfers 1-12
2026-08-02 12:03:51,858 INFO o.a.j.t.JMeterThread: Thread started: 100 Concurrent Transfers 1-13
2026-08-02 12:03:51,858 INFO o.a.j.t.JMeterThread: Thread started: 100 Concurrent Transfers 1-14
2026-08-02 12:03:51,858 INFO o.a.j.t.JMeterThread: Thread started: 100 Concurrent Transfers 1-15
2026-08-02 12:03:51,859 INFO o.a.j.t.JMeterThread: Thread started: 100 Concurrent Transfers 1-16
2026-08-02 12:03:51,859 INFO o.a.j.t.JMeterThread: Thread started: 100 Concurrent Transfers 1-17
2026-08-02 12:03:51,860 INFO o.a.j.t.JMeterThread: Thread started: 100 Concurrent Transfers 1-18
2026-08-02 12:03:51,860 INFO o.a.j.t.JMeterThread: Thread started: 100 Concurrent Transfers 1-19
2026-08-02 12:03:51,860 INFO o.a.j.t.JMeterThread: Thread started: 100 Concurrent Transfers 1-20
2026-08-02 12:03:51,861 INFO o.a.j.t.JMeterThread: Thread started: 100 Concurrent Transfers 1-21
2026-08-02 12:03:51,861 INFO o.a.j.t.JMeterThread: Thread started: 100 Concurrent Transfers 1-22
2026-08-02 12:03:51,861 INFO o.a.j.t.JMeterThread: Thread started: 100 Concurrent Transfers 1-23
2026-08-02 12:03:51,861 INFO o.a.j.t.JMeterThread: Thread started: 100 Concurrent Transfers 1-24
2026-08-02 12:03:51,862 INFO o.a.j.t.JMeterThread: Thread started: 100 Concurrent Transfers 1-25
2026-08-02 12:03:51,862 INFO o.a.j.t.JMeterThread: Thread started: 100 Concurrent Transfers 1-28
2026-08-02 12:03:51,862 INFO o.a.j.t.JMeterThread: Thread started: 100 Concurrent Transfers 1-27
2026-08-02 12:03:51,862 INFO o.a.j.t.JMeterThread: Thread started: 100 Concurrent Transfers 1-26
2026-08-02 12:03:51,862 INFO o.a.j.t.JMeterThread: Thread started: 100 Concurrent Transfers 1-29
2026-08-02 12:03:51,863 INFO o.a.j.t.JMeterThread: Thread started: 100 Concurrent Transfers 1-30
2026-08-02 12:03:51,863 INFO o.a.j.t.JMeterThread: Thread started: 100 Concurrent Transfers 1-32
2026-08-02 12:03:51,863 INFO o.a.j.t.JMeterThread: Thread started: 100 Concurrent Transfers 1-31
2026-08-02 12:03:51,863 INFO o.a.j.t.JMeterThread: Thread started: 100 Concurrent Transfers 1-33
2026-08-02 12:03:51,864 INFO o.a.j.t.JMeterThread: Thread started: 100 Concurrent Transfers 1-34
2026-08-02 12:03:51,864 INFO o.a.j.t.JMeterThread: Thread started: 100 Concurrent Transfers 1-35
2026-08-02 12:03:51,864 INFO o.a.j.t.JMeterThread: Thread started: 100 Concurrent Transfers 1-36
2026-08-02 12:03:51,865 INFO o.a.j.t.JMeterThread: Thread started: 100 Concurrent Transfers 1-37
2026-08-02 12:03:51,865 INFO o.a.j.t.JMeterThread: Thread started: 100 Concurrent Transfers 1-38
2026-08-02 12:03:51,865 INFO o.a.j.t.JMeterThread: Thread started: 100 Concurrent Transfers 1-39
2026-08-02 12:03:51,865 INFO o.a.j.t.JMeterThread: Thread started: 100 Concurrent Transfers 1-40
2026-08-02 12:03:51,866 INFO o.a.j.t.JMeterThread: Thread started: 100 Concurrent Transfers 1-41
2026-08-02 12:03:51,866 INFO o.a.j.t.JMeterThread: Thread started: 100 Concurrent Transfers 1-42
2026-08-02 12:03:51,867 INFO o.a.j.t.JMeterThread: Thread started: 100 Concurrent Transfers 1-43
2026-08-02 12:03:51,867 INFO o.a.j.t.JMeterThread: Thread started: 100 Concurrent Transfers 1-44
2026-08-02 12:03:51,867 INFO o.a.j.t.JMeterThread: Thread started: 100 Concurrent Transfers 1-45
2026-08-02 12:03:51,867 INFO o.a.j.t.JMeterThread: Thread started: 100 Concurrent Transfers 1-47
2026-08-02 12:03:51,867 INFO o.a.j.t.JMeterThread: Thread started: 100 Concurrent Transfers 1-46
2026-08-02 12:03:51,868 INFO o.a.j.t.JMeterThread: Thread started: 100 Concurrent Transfers 1-48
2026-08-02 12:03:51,868 INFO o.a.j.t.JMeterThread: Thread started: 100 Concurrent Transfers 1-49
2026-08-02 12:03:51,868 INFO o.a.j.t.JMeterThread: Thread started: 100 Concurrent Transfers 1-50
2026-08-02 12:03:51,869 INFO o.a.j.t.JMeterThread: Thread started: 100 Concurrent Transfers 1-52
2026-08-02 12:03:51,869 INFO o.a.j.t.JMeterThread: Thread started: 100 Concurrent Transfers 1-53
2026-08-02 12:03:51,869 INFO o.a.j.t.JMeterThread: Thread started: 100 Concurrent Transfers 1-51
2026-08-02 12:03:51,869 INFO o.a.j.t.JMeterThread: Thread started: 100 Concurrent Transfers 1-54
2026-08-02 12:03:51,870 INFO o.a.j.t.JMeterThread: Thread started: 100 Concurrent Transfers 1-55
2026-08-02 12:03:51,870 INFO o.a.j.t.JMeterThread: Thread started: 100 Concurrent Transfers 1-56
2026-08-02 12:03:51,870 INFO o.a.j.t.JMeterThread: Thread started: 100 Concurrent Transfers 1-57
2026-08-02 12:03:51,870 INFO o.a.j.t.JMeterThread: Thread started: 100 Concurrent Transfers 1-58
2026-08-02 12:03:51,871 INFO o.a.j.t.JMeterThread: Thread started: 100 Concurrent Transfers 1-59
2026-08-02 12:03:51,871 INFO o.a.j.t.JMeterThread: Thread started: 100 Concurrent Transfers 1-60
2026-08-02 12:03:51,871 INFO o.a.j.t.JMeterThread: Thread started: 100 Concurrent Transfers 1-61
2026-08-02 12:03:51,871 INFO o.a.j.t.JMeterThread: Thread started: 100 Concurrent Transfers 1-62
2026-08-02 12:03:51,871 INFO o.a.j.t.JMeterThread: Thread started: 100 Concurrent Transfers 1-63
2026-08-02 12:03:51,872 INFO o.a.j.t.JMeterThread: Thread started: 100 Concurrent Transfers 1-64
2026-08-02 12:03:51,872 INFO o.a.j.t.JMeterThread: Thread started: 100 Concurrent Transfers 1-65
2026-08-02 12:03:51,872 INFO o.a.j.t.JMeterThread: Thread started: 100 Concurrent Transfers 1-66
2026-08-02 12:03:51,872 INFO o.a.j.t.JMeterThread: Thread started: 100 Concurrent Transfers 1-67
2026-08-02 12:03:51,873 INFO o.a.j.t.JMeterThread: Thread started: 100 Concurrent Transfers 1-68
2026-08-02 12:03:51,873 INFO o.a.j.t.JMeterThread: Thread started: 100 Concurrent Transfers 1-69
2026-08-02 12:03:51,873 INFO o.a.j.t.JMeterThread: Thread started: 100 Concurrent Transfers 1-71
2026-08-02 12:03:51,873 INFO o.a.j.t.JMeterThread: Thread started: 100 Concurrent Transfers 1-70
2026-08-02 12:03:51,873 INFO o.a.j.t.JMeterThread: Thread started: 100 Concurrent Transfers 1-72
2026-08-02 12:03:51,874 INFO o.a.j.t.JMeterThread: Thread started: 100 Concurrent Transfers 1-74
2026-08-02 12:03:51,874 INFO o.a.j.t.JMeterThread: Thread started: 100 Concurrent Transfers 1-73
2026-08-02 12:03:51,874 INFO o.a.j.t.JMeterThread: Thread started: 100 Concurrent Transfers 1-76
2026-08-02 12:03:51,874 INFO o.a.j.t.JMeterThread: Thread started: 100 Concurrent Transfers 1-75
2026-08-02 12:03:51,874 INFO o.a.j.t.JMeterThread: Thread started: 100 Concurrent Transfers 1-77
2026-08-02 12:03:51,874 INFO o.a.j.t.JMeterThread: Thread started: 100 Concurrent Transfers 1-78
2026-08-02 12:03:51,875 INFO o.a.j.t.JMeterThread: Thread started: 100 Concurrent Transfers 1-79
2026-08-02 12:03:51,875 INFO o.a.j.t.JMeterThread: Thread started: 100 Concurrent Transfers 1-80
2026-08-02 12:03:51,875 INFO o.a.j.t.JMeterThread: Thread started: 100 Concurrent Transfers 1-81
2026-08-02 12:03:51,876 INFO o.a.j.t.JMeterThread: Thread started: 100 Concurrent Transfers 1-82
2026-08-02 12:03:51,876 INFO o.a.j.t.JMeterThread: Thread started: 100 Concurrent Transfers 1-83
2026-08-02 12:03:51,877 INFO o.a.j.t.JMeterThread: Thread started: 100 Concurrent Transfers 1-84
2026-08-02 12:03:51,877 INFO o.a.j.t.JMeterThread: Thread started: 100 Concurrent Transfers 1-85
2026-08-02 12:03:51,877 INFO o.a.j.t.JMeterThread: Thread started: 100 Concurrent Transfers 1-86
2026-08-02 12:03:51,877 INFO o.a.j.t.JMeterThread: Thread started: 100 Concurrent Transfers 1-88
2026-08-02 12:03:51,877 INFO o.a.j.t.JMeterThread: Thread started: 100 Concurrent Transfers 1-87
2026-08-02 12:03:51,878 INFO o.a.j.t.JMeterThread: Thread started: 100 Concurrent Transfers 1-89
2026-08-02 12:03:51,878 INFO o.a.j.t.JMeterThread: Thread started: 100 Concurrent Transfers 1-91
2026-08-02 12:03:51,878 INFO o.a.j.t.JMeterThread: Thread started: 100 Concurrent Transfers 1-90
2026-08-02 12:03:51,878 INFO o.a.j.t.JMeterThread: Thread started: 100 Concurrent Transfers 1-92
2026-08-02 12:03:51,878 INFO o.a.j.t.JMeterThread: Thread started: 100 Concurrent Transfers 1-95
2026-08-02 12:03:51,878 INFO o.a.j.t.JMeterThread: Thread started: 100 Concurrent Transfers 1-93
2026-08-02 12:03:51,880 INFO o.a.j.t.ThreadGroup: Started thread group number 1
2026-08-02 12:03:51,879 INFO o.a.j.t.JMeterThread: Thread started: 100 Concurrent Transfers 1-94
2026-08-02 12:03:51,880 INFO o.a.j.e.StandardJMeterEngine: All thread groups have been started
2026-08-02 12:03:51,880 INFO o.a.j.t.JMeterThread: Thread started: 100 Concurrent Transfers 1-96
2026-08-02 12:03:51,880 INFO o.a.j.t.JMeterThread: Thread started: 100 Concurrent Transfers 1-97
2026-08-02 12:03:51,880 INFO o.a.j.t.JMeterThread: Thread started: 100 Concurrent Transfers 1-98
2026-08-02 12:03:51,880 INFO o.a.j.t.JMeterThread: Thread started: 100 Concurrent Transfers 1-99
2026-08-02 12:03:51,880 INFO o.a.j.t.JMeterThread: Thread started: 100 Concurrent Transfers 1-100
2026-08-02 12:03:51,887 INFO o.a.j.p.h.s.HTTPHCAbstractImpl: Local host = MeetPrajapati
2026-08-02 12:03:51,895 INFO o.a.j.p.h.s.HTTPHC4Impl: HTTP request retry count = 0
2026-08-02 12:03:51,897 INFO o.a.j.s.SampleResult: Note: Sample TimeStamps are START times
2026-08-02 12:03:51,897 INFO o.a.j.s.SampleResult: sampleresult.default.encoding is set to UTF-8
2026-08-02 12:03:51,897 INFO o.a.j.s.SampleResult: sampleresult.useNanoTime=true
2026-08-02 12:03:51,898 INFO o.a.j.s.SampleResult: sampleresult.nanoThreadSleep=5000
2026-08-02 12:03:53,852 INFO o.a.j.t.JMeterThread: Thread is done: 100 Concurrent Transfers 1-82
2026-08-02 12:03:53,852 INFO o.a.j.t.JMeterThread: Thread is done: 100 Concurrent Transfers 1-87
2026-08-02 12:03:53,852 INFO o.a.j.t.JMeterThread: Thread is done: 100 Concurrent Transfers 1-35
2026-08-02 12:03:53,852 INFO o.a.j.t.JMeterThread: Thread is done: 100 Concurrent Transfers 1-15
2026-08-02 12:03:53,852 INFO o.a.j.t.JMeterThread: Thread finished: 100 Concurrent Transfers 1-87
2026-08-02 12:03:53,852 INFO o.a.j.t.JMeterThread: Thread finished: 100 Concurrent Transfers 1-82
2026-08-02 12:03:53,852 INFO o.a.j.t.JMeterThread: Thread finished: 100 Concurrent Transfers 1-35
2026-08-02 12:03:53,852 INFO o.a.j.t.JMeterThread: Thread finished: 100 Concurrent Transfers 1-15
2026-08-02 12:03:53,863 INFO o.a.j.t.JMeterThread: Thread is done: 100 Concurrent Transfers 1-11
2026-08-02 12:03:53,864 INFO o.a.j.t.JMeterThread: Thread finished: 100 Concurrent Transfers 1-11
2026-08-02 12:03:53,878 INFO o.a.j.t.JMeterThread: Thread is done: 100 Concurrent Transfers 1-30
2026-08-02 12:03:53,878 INFO o.a.j.t.JMeterThread: Thread finished: 100 Concurrent Transfers 1-30
2026-08-02 12:03:53,892 INFO o.a.j.t.JMeterThread: Thread is done: 100 Concurrent Transfers 1-13
2026-08-02 12:03:53,892 INFO o.a.j.t.JMeterThread: Thread finished: 100 Concurrent Transfers 1-13
2026-08-02 12:03:53,907 INFO o.a.j.t.JMeterThread: Thread is done: 100 Concurrent Transfers 1-75
2026-08-02 12:03:53,907 INFO o.a.j.t.JMeterThread: Thread finished: 100 Concurrent Transfers 1-75
2026-08-02 12:03:53,923 INFO o.a.j.t.JMeterThread: Thread is done: 100 Concurrent Transfers 1-39
2026-08-02 12:03:53,924 INFO o.a.j.t.JMeterThread: Thread finished: 100 Concurrent Transfers 1-39
2026-08-02 12:03:53,939 INFO o.a.j.t.JMeterThread: Thread is done: 100 Concurrent Transfers 1-52
2026-08-02 12:03:53,939 INFO o.a.j.t.JMeterThread: Thread finished: 100 Concurrent Transfers 1-52
2026-08-02 12:03:53,952 INFO o.a.j.t.JMeterThread: Thread is done: 100 Concurrent Transfers 1-9
2026-08-02 12:03:53,952 INFO o.a.j.t.JMeterThread: Thread finished: 100 Concurrent Transfers 1-9
2026-08-02 12:03:53,952 INFO o.a.j.t.JMeterThread: Thread is done: 100 Concurrent Transfers 1-95
2026-08-02 12:03:53,952 INFO o.a.j.t.JMeterThread: Thread finished: 100 Concurrent Transfers 1-95
2026-08-02 12:03:53,958 INFO o.a.j.t.JMeterThread: Thread is done: 100 Concurrent Transfers 1-92
2026-08-02 12:03:53,958 INFO o.a.j.t.JMeterThread: Thread finished: 100 Concurrent Transfers 1-92
2026-08-02 12:03:53,963 INFO o.a.j.t.JMeterThread: Thread is done: 100 Concurrent Transfers 1-56
2026-08-02 12:03:53,963 INFO o.a.j.t.JMeterThread: Thread finished: 100 Concurrent Transfers 1-56
2026-08-02 12:03:53,968 INFO o.a.j.t.JMeterThread: Thread is done: 100 Concurrent Transfers 1-8
2026-08-02 12:03:53,968 INFO o.a.j.t.JMeterThread: Thread finished: 100 Concurrent Transfers 1-8
2026-08-02 12:03:53,976 INFO o.a.j.t.JMeterThread: Thread is done: 100 Concurrent Transfers 1-53
2026-08-02 12:03:53,976 INFO o.a.j.t.JMeterThread: Thread finished: 100 Concurrent Transfers 1-53
2026-08-02 12:03:53,980 INFO o.a.j.t.JMeterThread: Thread is done: 100 Concurrent Transfers 1-80
2026-08-02 12:03:53,980 INFO o.a.j.t.JMeterThread: Thread finished: 100 Concurrent Transfers 1-80
2026-08-02 12:03:53,986 INFO o.a.j.t.JMeterThread: Thread is done: 100 Concurrent Transfers 1-40
2026-08-02 12:03:53,986 INFO o.a.j.t.JMeterThread: Thread finished: 100 Concurrent Transfers 1-40
2026-08-02 12:03:53,990 INFO o.a.j.t.JMeterThread: Thread is done: 100 Concurrent Transfers 1-48
2026-08-02 12:03:53,990 INFO o.a.j.t.JMeterThread: Thread finished: 100 Concurrent Transfers 1-48
2026-08-02 12:03:53,996 INFO o.a.j.t.JMeterThread: Thread is done: 100 Concurrent Transfers 1-29
2026-08-02 12:03:53,996 INFO o.a.j.t.JMeterThread: Thread finished: 100 Concurrent Transfers 1-29
2026-08-02 12:03:54,001 INFO o.a.j.t.JMeterThread: Thread is done: 100 Concurrent Transfers 1-78
2026-08-02 12:03:54,001 INFO o.a.j.t.JMeterThread: Thread finished: 100 Concurrent Transfers 1-78
2026-08-02 12:03:54,006 INFO o.a.j.t.JMeterThread: Thread is done: 100 Concurrent Transfers 1-73
2026-08-02 12:03:54,006 INFO o.a.j.t.JMeterThread: Thread finished: 100 Concurrent Transfers 1-73
2026-08-02 12:03:54,010 INFO o.a.j.t.JMeterThread: Thread is done: 100 Concurrent Transfers 1-2
2026-08-02 12:03:54,010 INFO o.a.j.t.JMeterThread: Thread finished: 100 Concurrent Transfers 1-2
2026-08-02 12:03:54,015 INFO o.a.j.t.JMeterThread: Thread is done: 100 Concurrent Transfers 1-85
2026-08-02 12:03:54,015 INFO o.a.j.t.JMeterThread: Thread finished: 100 Concurrent Transfers 1-85
2026-08-02 12:03:54,019 INFO o.a.j.t.JMeterThread: Thread is done: 100 Concurrent Transfers 1-98
2026-08-02 12:03:54,019 INFO o.a.j.t.JMeterThread: Thread finished: 100 Concurrent Transfers 1-98
2026-08-02 12:03:54,024 INFO o.a.j.t.JMeterThread: Thread is done: 100 Concurrent Transfers 1-62
2026-08-02 12:03:54,024 INFO o.a.j.t.JMeterThread: Thread finished: 100 Concurrent Transfers 1-62
2026-08-02 12:03:54,029 INFO o.a.j.t.JMeterThread: Thread is done: 100 Concurrent Transfers 1-7
2026-08-02 12:03:54,029 INFO o.a.j.t.JMeterThread: Thread finished: 100 Concurrent Transfers 1-7
2026-08-02 12:03:54,034 INFO o.a.j.t.JMeterThread: Thread is done: 100 Concurrent Transfers 1-49
2026-08-02 12:03:54,034 INFO o.a.j.t.JMeterThread: Thread finished: 100 Concurrent Transfers 1-49
2026-08-02 12:03:54,044 INFO o.a.j.t.JMeterThread: Thread is done: 100 Concurrent Transfers 1-66
2026-08-02 12:03:54,044 INFO o.a.j.t.JMeterThread: Thread finished: 100 Concurrent Transfers 1-66
2026-08-02 12:03:54,046 INFO o.a.j.t.JMeterThread: Thread is done: 100 Concurrent Transfers 1-72
2026-08-02 12:03:54,046 INFO o.a.j.t.JMeterThread: Thread finished: 100 Concurrent Transfers 1-72
2026-08-02 12:03:54,052 INFO o.a.j.t.JMeterThread: Thread is done: 100 Concurrent Transfers 1-32
2026-08-02 12:03:54,052 INFO o.a.j.t.JMeterThread: Thread finished: 100 Concurrent Transfers 1-32
2026-08-02 12:03:54,058 INFO o.a.j.t.JMeterThread: Thread is done: 100 Concurrent Transfers 1-17
2026-08-02 12:03:54,058 INFO o.a.j.t.JMeterThread: Thread finished: 100 Concurrent Transfers 1-17
2026-08-02 12:03:54,066 INFO o.a.j.t.JMeterThread: Thread is done: 100 Concurrent Transfers 1-89
2026-08-02 12:03:54,066 INFO o.a.j.t.JMeterThread: Thread finished: 100 Concurrent Transfers 1-89
2026-08-02 12:03:54,071 INFO o.a.j.t.JMeterThread: Thread is done: 100 Concurrent Transfers 1-74
2026-08-02 12:03:54,071 INFO o.a.j.t.JMeterThread: Thread finished: 100 Concurrent Transfers 1-74
2026-08-02 12:03:54,075 INFO o.a.j.t.JMeterThread: Thread is done: 100 Concurrent Transfers 1-100
2026-08-02 12:03:54,075 INFO o.a.j.t.JMeterThread: Thread finished: 100 Concurrent Transfers 1-100
2026-08-02 12:03:54,079 INFO o.a.j.t.JMeterThread: Thread is done: 100 Concurrent Transfers 1-47
2026-08-02 12:03:54,079 INFO o.a.j.t.JMeterThread: Thread finished: 100 Concurrent Transfers 1-47
2026-08-02 12:03:54,084 INFO o.a.j.t.JMeterThread: Thread is done: 100 Concurrent Transfers 1-16
2026-08-02 12:03:54,084 INFO o.a.j.t.JMeterThread: Thread finished: 100 Concurrent Transfers 1-16
2026-08-02 12:03:54,090 INFO o.a.j.t.JMeterThread: Thread is done: 100 Concurrent Transfers 1-24
2026-08-02 12:03:54,090 INFO o.a.j.t.JMeterThread: Thread finished: 100 Concurrent Transfers 1-24
2026-08-02 12:03:54,096 INFO o.a.j.t.JMeterThread: Thread is done: 100 Concurrent Transfers 1-76
2026-08-02 12:03:54,096 INFO o.a.j.t.JMeterThread: Thread finished: 100 Concurrent Transfers 1-76
2026-08-02 12:03:54,100 INFO o.a.j.t.JMeterThread: Thread is done: 100 Concurrent Transfers 1-69
2026-08-02 12:03:54,100 INFO o.a.j.t.JMeterThread: Thread finished: 100 Concurrent Transfers 1-69
2026-08-02 12:03:54,105 INFO o.a.j.t.JMeterThread: Thread is done: 100 Concurrent Transfers 1-18
2026-08-02 12:03:54,105 INFO o.a.j.t.JMeterThread: Thread finished: 100 Concurrent Transfers 1-18
2026-08-02 12:03:54,109 INFO o.a.j.t.JMeterThread: Thread is done: 100 Concurrent Transfers 1-33
2026-08-02 12:03:54,109 INFO o.a.j.t.JMeterThread: Thread finished: 100 Concurrent Transfers 1-33
2026-08-02 12:03:54,117 INFO o.a.j.t.JMeterThread: Thread is done: 100 Concurrent Transfers 1-36
2026-08-02 12:03:54,117 INFO o.a.j.t.JMeterThread: Thread finished: 100 Concurrent Transfers 1-36
2026-08-02 12:03:54,124 INFO o.a.j.t.JMeterThread: Thread is done: 100 Concurrent Transfers 1-97
2026-08-02 12:03:54,124 INFO o.a.j.t.JMeterThread: Thread finished: 100 Concurrent Transfers 1-97
2026-08-02 12:03:54,129 INFO o.a.j.t.JMeterThread: Thread is done: 100 Concurrent Transfers 1-38
2026-08-02 12:03:54,129 INFO o.a.j.t.JMeterThread: Thread finished: 100 Concurrent Transfers 1-38
2026-08-02 12:03:54,135 INFO o.a.j.t.JMeterThread: Thread is done: 100 Concurrent Transfers 1-37
2026-08-02 12:03:54,135 INFO o.a.j.t.JMeterThread: Thread finished: 100 Concurrent Transfers 1-37
2026-08-02 12:03:54,140 INFO o.a.j.t.JMeterThread: Thread is done: 100 Concurrent Transfers 1-68
2026-08-02 12:03:54,141 INFO o.a.j.t.JMeterThread: Thread finished: 100 Concurrent Transfers 1-68
2026-08-02 12:03:54,145 INFO o.a.j.t.JMeterThread: Thread is done: 100 Concurrent Transfers 1-21
2026-08-02 12:03:54,145 INFO o.a.j.t.JMeterThread: Thread finished: 100 Concurrent Transfers 1-21
2026-08-02 12:03:54,156 INFO o.a.j.t.JMeterThread: Thread is done: 100 Concurrent Transfers 1-4
2026-08-02 12:03:54,156 INFO o.a.j.t.JMeterThread: Thread finished: 100 Concurrent Transfers 1-4
2026-08-02 12:03:54,161 INFO o.a.j.t.JMeterThread: Thread is done: 100 Concurrent Transfers 1-64
2026-08-02 12:03:54,162 INFO o.a.j.t.JMeterThread: Thread finished: 100 Concurrent Transfers 1-64
2026-08-02 12:03:54,168 INFO o.a.j.t.JMeterThread: Thread is done: 100 Concurrent Transfers 1-25
2026-08-02 12:03:54,169 INFO o.a.j.t.JMeterThread: Thread finished: 100 Concurrent Transfers 1-25
2026-08-02 12:03:54,171 INFO o.a.j.t.JMeterThread: Thread is done: 100 Concurrent Transfers 1-41
2026-08-02 12:03:54,171 INFO o.a.j.t.JMeterThread: Thread finished: 100 Concurrent Transfers 1-41
2026-08-02 12:03:54,180 INFO o.a.j.t.JMeterThread: Thread is done: 100 Concurrent Transfers 1-1
2026-08-02 12:03:54,181 INFO o.a.j.t.JMeterThread: Thread finished: 100 Concurrent Transfers 1-1
2026-08-02 12:03:54,183 INFO o.a.j.t.JMeterThread: Thread is done: 100 Concurrent Transfers 1-20
2026-08-02 12:03:54,183 INFO o.a.j.t.JMeterThread: Thread finished: 100 Concurrent Transfers 1-20
2026-08-02 12:03:54,188 INFO o.a.j.t.JMeterThread: Thread is done: 100 Concurrent Transfers 1-86
2026-08-02 12:03:54,188 INFO o.a.j.t.JMeterThread: Thread finished: 100 Concurrent Transfers 1-86
2026-08-02 12:03:54,190 INFO o.a.j.t.JMeterThread: Thread is done: 100 Concurrent Transfers 1-46
2026-08-02 12:03:54,190 INFO o.a.j.t.JMeterThread: Thread finished: 100 Concurrent Transfers 1-46
2026-08-02 12:03:54,198 INFO o.a.j.t.JMeterThread: Thread is done: 100 Concurrent Transfers 1-77
2026-08-02 12:03:54,198 INFO o.a.j.t.JMeterThread: Thread finished: 100 Concurrent Transfers 1-77
2026-08-02 12:03:54,206 INFO o.a.j.t.JMeterThread: Thread is done: 100 Concurrent Transfers 1-63
2026-08-02 12:03:54,206 INFO o.a.j.t.JMeterThread: Thread is done: 100 Concurrent Transfers 1-55
2026-08-02 12:03:54,206 INFO o.a.j.t.JMeterThread: Thread finished: 100 Concurrent Transfers 1-63
2026-08-02 12:03:54,206 INFO o.a.j.t.JMeterThread: Thread finished: 100 Concurrent Transfers 1-55
2026-08-02 12:03:54,214 INFO o.a.j.t.JMeterThread: Thread is done: 100 Concurrent Transfers 1-81
2026-08-02 12:03:54,214 INFO o.a.j.t.JMeterThread: Thread finished: 100 Concurrent Transfers 1-81
2026-08-02 12:03:54,216 INFO o.a.j.t.JMeterThread: Thread is done: 100 Concurrent Transfers 1-90
2026-08-02 12:03:54,216 INFO o.a.j.t.JMeterThread: Thread finished: 100 Concurrent Transfers 1-90
2026-08-02 12:03:54,221 INFO o.a.j.t.JMeterThread: Thread is done: 100 Concurrent Transfers 1-3
2026-08-02 12:03:54,221 INFO o.a.j.t.JMeterThread: Thread finished: 100 Concurrent Transfers 1-3
2026-08-02 12:03:54,225 INFO o.a.j.t.JMeterThread: Thread is done: 100 Concurrent Transfers 1-99
2026-08-02 12:03:54,225 INFO o.a.j.t.JMeterThread: Thread finished: 100 Concurrent Transfers 1-99
2026-08-02 12:03:54,231 INFO o.a.j.t.JMeterThread: Thread is done: 100 Concurrent Transfers 1-22
2026-08-02 12:03:54,231 INFO o.a.j.t.JMeterThread: Thread finished: 100 Concurrent Transfers 1-22
2026-08-02 12:03:54,239 INFO o.a.j.t.JMeterThread: Thread is done: 100 Concurrent Transfers 1-57
2026-08-02 12:03:54,239 INFO o.a.j.t.JMeterThread: Thread finished: 100 Concurrent Transfers 1-57
2026-08-02 12:03:54,244 INFO o.a.j.t.JMeterThread: Thread is done: 100 Concurrent Transfers 1-50
2026-08-02 12:03:54,244 INFO o.a.j.t.JMeterThread: Thread finished: 100 Concurrent Transfers 1-50
2026-08-02 12:03:54,246 INFO o.a.j.t.JMeterThread: Thread is done: 100 Concurrent Transfers 1-19
2026-08-02 12:03:54,246 INFO o.a.j.t.JMeterThread: Thread finished: 100 Concurrent Transfers 1-19
2026-08-02 12:03:54,247 INFO o.a.j.t.JMeterThread: Thread is done: 100 Concurrent Transfers 1-23
2026-08-02 12:03:54,247 INFO o.a.j.t.JMeterThread: Thread finished: 100 Concurrent Transfers 1-23
2026-08-02 12:03:54,254 INFO o.a.j.t.JMeterThread: Thread is done: 100 Concurrent Transfers 1-83
2026-08-02 12:03:54,254 INFO o.a.j.t.JMeterThread: Thread finished: 100 Concurrent Transfers 1-83
2026-08-02 12:03:54,258 INFO o.a.j.t.JMeterThread: Thread is done: 100 Concurrent Transfers 1-27
2026-08-02 12:03:54,258 INFO o.a.j.t.JMeterThread: Thread finished: 100 Concurrent Transfers 1-27
2026-08-02 12:03:54,263 INFO o.a.j.t.JMeterThread: Thread is done: 100 Concurrent Transfers 1-58
2026-08-02 12:03:54,263 INFO o.a.j.t.JMeterThread: Thread finished: 100 Concurrent Transfers 1-58
2026-08-02 12:03:54,267 INFO o.a.j.t.JMeterThread: Thread is done: 100 Concurrent Transfers 1-71
2026-08-02 12:03:54,267 INFO o.a.j.t.JMeterThread: Thread finished: 100 Concurrent Transfers 1-71
2026-08-02 12:03:54,269 INFO o.a.j.t.JMeterThread: Thread is done: 100 Concurrent Transfers 1-65
2026-08-02 12:03:54,269 INFO o.a.j.t.JMeterThread: Thread finished: 100 Concurrent Transfers 1-65
2026-08-02 12:03:54,275 INFO o.a.j.t.JMeterThread: Thread is done: 100 Concurrent Transfers 1-44
2026-08-02 12:03:54,275 INFO o.a.j.t.JMeterThread: Thread finished: 100 Concurrent Transfers 1-44
2026-08-02 12:03:54,277 INFO o.a.j.t.JMeterThread: Thread is done: 100 Concurrent Transfers 1-91
2026-08-02 12:03:54,278 INFO o.a.j.t.JMeterThread: Thread finished: 100 Concurrent Transfers 1-91
2026-08-02 12:03:54,279 INFO o.a.j.t.JMeterThread: Thread is done: 100 Concurrent Transfers 1-45
2026-08-02 12:03:54,279 INFO o.a.j.t.JMeterThread: Thread finished: 100 Concurrent Transfers 1-45
2026-08-02 12:03:54,286 INFO o.a.j.t.JMeterThread: Thread is done: 100 Concurrent Transfers 1-67
2026-08-02 12:03:54,286 INFO o.a.j.t.JMeterThread: Thread finished: 100 Concurrent Transfers 1-67
2026-08-02 12:03:54,289 INFO o.a.j.t.JMeterThread: Thread is done: 100 Concurrent Transfers 1-70
2026-08-02 12:03:54,290 INFO o.a.j.t.JMeterThread: Thread finished: 100 Concurrent Transfers 1-70
2026-08-02 12:03:54,292 INFO o.a.j.t.JMeterThread: Thread is done: 100 Concurrent Transfers 1-34
2026-08-02 12:03:54,292 INFO o.a.j.t.JMeterThread: Thread finished: 100 Concurrent Transfers 1-34
2026-08-02 12:03:54,294 INFO o.a.j.t.JMeterThread: Thread is done: 100 Concurrent Transfers 1-43
2026-08-02 12:03:54,295 INFO o.a.j.t.JMeterThread: Thread finished: 100 Concurrent Transfers 1-43
2026-08-02 12:03:54,298 INFO o.a.j.t.JMeterThread: Thread is done: 100 Concurrent Transfers 1-26
2026-08-02 12:03:54,298 INFO o.a.j.t.JMeterThread: Thread finished: 100 Concurrent Transfers 1-26
2026-08-02 12:03:54,305 INFO o.a.j.t.JMeterThread: Thread is done: 100 Concurrent Transfers 1-10
2026-08-02 12:03:54,305 INFO o.a.j.t.JMeterThread: Thread finished: 100 Concurrent Transfers 1-10
2026-08-02 12:03:54,309 INFO o.a.j.t.JMeterThread: Thread is done: 100 Concurrent Transfers 1-59
2026-08-02 12:03:54,309 INFO o.a.j.t.JMeterThread: Thread finished: 100 Concurrent Transfers 1-59
2026-08-02 12:03:54,314 INFO o.a.j.t.JMeterThread: Thread is done: 100 Concurrent Transfers 1-94
2026-08-02 12:03:54,314 INFO o.a.j.t.JMeterThread: Thread finished: 100 Concurrent Transfers 1-94
2026-08-02 12:03:54,319 INFO o.a.j.t.JMeterThread: Thread is done: 100 Concurrent Transfers 1-88
2026-08-02 12:03:54,319 INFO o.a.j.t.JMeterThread: Thread finished: 100 Concurrent Transfers 1-88
2026-08-02 12:03:54,323 INFO o.a.j.t.JMeterThread: Thread is done: 100 Concurrent Transfers 1-5
2026-08-02 12:03:54,323 INFO o.a.j.t.JMeterThread: Thread finished: 100 Concurrent Transfers 1-5
2026-08-02 12:03:54,328 INFO o.a.j.t.JMeterThread: Thread is done: 100 Concurrent Transfers 1-6
2026-08-02 12:03:54,328 INFO o.a.j.t.JMeterThread: Thread finished: 100 Concurrent Transfers 1-6
2026-08-02 12:03:54,331 INFO o.a.j.t.JMeterThread: Thread is done: 100 Concurrent Transfers 1-93
2026-08-02 12:03:54,331 INFO o.a.j.t.JMeterThread: Thread finished: 100 Concurrent Transfers 1-93
2026-08-02 12:03:54,336 INFO o.a.j.t.JMeterThread: Thread is done: 100 Concurrent Transfers 1-42
2026-08-02 12:03:54,336 INFO o.a.j.t.JMeterThread: Thread finished: 100 Concurrent Transfers 1-42
2026-08-02 12:03:54,346 INFO o.a.j.t.JMeterThread: Thread is done: 100 Concurrent Transfers 1-14
2026-08-02 12:03:54,346 INFO o.a.j.t.JMeterThread: Thread finished: 100 Concurrent Transfers 1-14
2026-08-02 12:03:54,351 INFO o.a.j.t.JMeterThread: Thread is done: 100 Concurrent Transfers 1-31
2026-08-02 12:03:54,351 INFO o.a.j.t.JMeterThread: Thread finished: 100 Concurrent Transfers 1-31
2026-08-02 12:03:54,357 INFO o.a.j.t.JMeterThread: Thread is done: 100 Concurrent Transfers 1-60
2026-08-02 12:03:54,357 INFO o.a.j.t.JMeterThread: Thread finished: 100 Concurrent Transfers 1-60
2026-08-02 12:03:54,361 INFO o.a.j.t.JMeterThread: Thread is done: 100 Concurrent Transfers 1-28
2026-08-02 12:03:54,361 INFO o.a.j.t.JMeterThread: Thread finished: 100 Concurrent Transfers 1-28
2026-08-02 12:03:54,368 INFO o.a.j.t.JMeterThread: Thread is done: 100 Concurrent Transfers 1-96
2026-08-02 12:03:54,369 INFO o.a.j.t.JMeterThread: Thread finished: 100 Concurrent Transfers 1-96
2026-08-02 12:03:54,375 INFO o.a.j.t.JMeterThread: Thread is done: 100 Concurrent Transfers 1-51
2026-08-02 12:03:54,375 INFO o.a.j.t.JMeterThread: Thread finished: 100 Concurrent Transfers 1-51
2026-08-02 12:03:54,379 INFO o.a.j.t.JMeterThread: Thread is done: 100 Concurrent Transfers 1-61
2026-08-02 12:03:54,379 INFO o.a.j.t.JMeterThread: Thread finished: 100 Concurrent Transfers 1-61
2026-08-02 12:03:54,383 INFO o.a.j.t.JMeterThread: Thread is done: 100 Concurrent Transfers 1-79
2026-08-02 12:03:54,383 INFO o.a.j.t.JMeterThread: Thread finished: 100 Concurrent Transfers 1-79
2026-08-02 12:03:54,389 INFO o.a.j.t.JMeterThread: Thread is done: 100 Concurrent Transfers 1-54
2026-08-02 12:03:54,389 INFO o.a.j.t.JMeterThread: Thread finished: 100 Concurrent Transfers 1-54
2026-08-02 12:03:54,392 INFO o.a.j.t.JMeterThread: Thread is done: 100 Concurrent Transfers 1-84
2026-08-02 12:03:54,392 INFO o.a.j.t.JMeterThread: Thread finished: 100 Concurrent Transfers 1-84
2026-08-02 12:03:54,396 INFO o.a.j.t.JMeterThread: Thread is done: 100 Concurrent Transfers 1-12
2026-08-02 12:03:54,396 INFO o.a.j.t.JMeterThread: Thread finished: 100 Concurrent Transfers 1-12
2026-08-02 12:03:54,396 INFO o.a.j.e.StandardJMeterEngine: Notifying test listeners of end of test
2026-08-02 12:03:54,398 INFO o.a.j.r.Summariser: summary =    100 in 00:00:03 =   39.0/s Avg:  2148 Min:  1847 Max:  2396 Err:     0 (0.00%)
